Flat profile:

Each sample counts as 0.01 seconds.
  %   cumulative   self              self     total           
 time   seconds   seconds    calls  ns/call  ns/call  name    
 60.78      0.31     0.31                             _mcount_private
 15.69      0.39     0.08 29860703     2.68     3.01  fibonacci
 11.76      0.45     0.06                             __fentry__
  9.80      0.50     0.05 29860703     1.67     1.67  klexec_callprepare
  1.96      0.51     0.01 14930367     0.67     0.67  klref_close
  0.00      0.51     0.00      324     0.00     0.00  klarray_check_capacity
  0.00      0.51     0.00       79     0.00     0.00  klmm_do_gc
  0.00      0.51     0.00       45     0.00     0.00  klobject_propagate
  0.00      0.51     0.00       37     0.00     0.00  klcclosure_create
  0.00      0.51     0.00       37     0.00     0.00  klstack_expand
  0.00      0.51     0.00       36     0.00     0.00  klcommon_propagate
  0.00      0.51     0.00       36     0.00     0.00  klmapnodepool_shrink
  0.00      0.51     0.00       15     0.00     0.00  klstrpool_new_string
  0.00      0.51     0.00       15     0.00     0.00  klstrpool_string_on_delete
  0.00      0.51     0.00        9     0.00     0.00  klclass_create
  0.00      0.51     0.00        1     0.00     0.00  __gcc_deregister_frame
  0.00      0.51     0.00        1     0.00    10.05  klapi_new_state
  0.00      0.51     0.00        1     0.00     0.00  klarray_class
  0.00      0.51     0.00        1     0.00     0.00  klclass_objalloc
  0.00      0.51     0.00        1     0.00    10.05  klcommon_create
  0.00      0.51     0.00        1     0.00     0.00  klmap_class
  0.00      0.51     0.00        1     0.00     0.00  klmap_create
  0.00      0.51     0.00        1     0.00     0.00  klmapnodepool_create
  0.00      0.51     0.00        1     0.00     0.00  klmapnodepool_delete
  0.00      0.51     0.00        1     0.00     0.67  klmm_destroy
  0.00      0.51     0.00        1     0.00     0.67  klmm_gc_clean_all
  0.00      0.51     0.00        1     0.00     0.00  klstack_init
  0.00      0.51     0.00        1     0.00     0.00  klstate_create
  0.00      0.51     0.00        1     0.00     0.00  klstate_delete
  0.00      0.51     0.00        1     0.00     0.00  klstrpool_create
  0.00      0.51     0.00        1     0.00     0.00  klthrow_init

 %         the percentage of the total running time of the
time       program used by this function.

cumulative a running sum of the number of seconds accounted
 seconds   for by this function and those listed above it.

 self      the number of seconds accounted for by this
seconds    function alone.  This is the major sort for this
           listing.

calls      the number of times this function was invoked, if
           this function is profiled, else blank.

 self      the average number of milliseconds spent in this
ms/call    function per call, if this function is profiled,
	   else blank.

 total     the average number of milliseconds spent in this
ms/call    function and its descendents per call, if this
	   function is profiled, else blank.

name       the name of the function.  This is the minor sort
           for this listing. The index shows the location of
	   the function in the gprof listing. If the index is
	   in parenthesis it shows where it would appear in
	   the gprof listing if it were to be printed.

Copyright (C) 2012-2023 Free Software Foundation, Inc.

Copying and distribution of this file, with or without modification,
are permitted in any medium without royalty provided the copyright
notice and this notice are preserved.

		     Call graph (explanation follows)


granularity: each sample hit covers 4 byte(s) for 1.96% of 0.51 seconds

index % time    self  children    called     name
                                                 <spontaneous>
[1]     60.8    0.31    0.00                 _mcount_private [1]
-----------------------------------------------
                                                 <spontaneous>
[2]     27.5    0.00    0.14                 main [2]
                0.13    0.01       1/1           klexec_callprepare <cycle 1> [6]
                0.00    0.00       1/1           klapi_new_state [8]
                0.00    0.00       1/1           klmm_destroy [10]
                0.00    0.00       1/1           __gcc_deregister_frame [165]
-----------------------------------------------
[3]     27.5    0.13    0.01       1+59721405 <cycle 1 as a whole> [3]
                0.08    0.01 29860703             fibonacci <cycle 1> [4]
                0.05    0.00 29860703             klexec_callprepare <cycle 1> [6]
-----------------------------------------------
                             29860703             klexec_callprepare <cycle 1> [6]
[4]     17.6    0.08    0.01 29860703         fibonacci <cycle 1> [4]
                0.01    0.00 14930351/14930367     klref_close [7]
                0.00    0.00       1/79          klstack_expand <cycle 2> [17]
                             29860702             klexec_callprepare <cycle 1> [6]
-----------------------------------------------
                                                 <spontaneous>
[5]     11.8    0.06    0.00                 __fentry__ [5]
-----------------------------------------------
                             29860702             fibonacci <cycle 1> [4]
                0.13    0.01       1/1           main [2]
[6]      9.8    0.05    0.00 29860703         klexec_callprepare <cycle 1> [6]
                0.00    0.00      35/79          klmm_do_gc <cycle 2> [14]
                             29860703             fibonacci <cycle 1> [4]
-----------------------------------------------
                0.00    0.00       1/14930367     klmm_gc_clean_all [11]
                0.00    0.00      15/14930367     klcommon_create [9]
                0.01    0.00 14930351/14930367     fibonacci <cycle 1> [4]
[7]      2.0    0.01    0.00 14930367         klref_close [7]
-----------------------------------------------
                0.00    0.00       1/1           main [2]
[8]      0.0    0.00    0.00       1         klapi_new_state [8]
                0.00    0.00       1/1           klcommon_create [9]
                0.00    0.00       1/1           klmapnodepool_create [27]
                0.00    0.00       1/1           klstrpool_create [32]
                0.00    0.00       1/1           klmap_create [26]
                0.00    0.00       1/1           klstate_create [30]
-----------------------------------------------
                0.00    0.00       1/1           klapi_new_state [8]
[9]      0.0    0.00    0.00       1         klcommon_create [9]
                0.00    0.00      15/14930367     klref_close [7]
                0.00    0.00      15/15          klstrpool_new_string [20]
                0.00    0.00       7/9           klclass_create [22]
                0.00    0.00       1/79          klmm_do_gc <cycle 2> [14]
                0.00    0.00       1/1           klmap_class [25]
                0.00    0.00       1/1           klarray_class [23]
-----------------------------------------------
                0.00    0.00       1/1           main [2]
[10]     0.0    0.00    0.00       1         klmm_destroy [10]
                0.00    0.00       1/1           klmm_gc_clean_all [11]
-----------------------------------------------
                0.00    0.00       1/1           klmm_destroy [10]
[11]     0.0    0.00    0.00       1         klmm_gc_clean_all [11]
                0.00    0.00       1/14930367     klref_close [7]
                0.00    0.00      15/15          klstrpool_string_on_delete [21]
                0.00    0.00       9/45          klobject_propagate [15]
                0.00    0.00       1/1           klstate_delete [31]
                0.00    0.00       1/37          klcclosure_create [16]
-----------------------------------------------
[12]     0.0    0.00    0.00      79+37      <cycle 2 as a whole> [12]
                0.00    0.00      79             klmm_do_gc <cycle 2> [14]
                0.00    0.00      37             klstack_expand <cycle 2> [17]
-----------------------------------------------
                0.00    0.00     324/324         klmm_do_gc <cycle 2> [14]
[13]     0.0    0.00    0.00     324         klarray_check_capacity [13]
-----------------------------------------------
                                   1             klstack_expand <cycle 2> [17]
                0.00    0.00       1/79          klclass_objalloc [24]
                0.00    0.00       1/79          klmap_create [26]
                0.00    0.00       1/79          klmapnodepool_create [27]
                0.00    0.00       1/79          klcommon_create [9]
                0.00    0.00       1/79          klstack_init [29]
                0.00    0.00       1/79          klthrow_init [33]
                0.00    0.00       2/79          klstrpool_create [32]
                0.00    0.00       2/79          klstate_create [30]
                0.00    0.00      15/79          klstrpool_new_string [20]
                0.00    0.00      18/79          klclass_create [22]
                0.00    0.00      35/79          klexec_callprepare <cycle 1> [6]
[14]     0.0    0.00    0.00      79         klmm_do_gc <cycle 2> [14]
                0.00    0.00     324/324         klarray_check_capacity [13]
                0.00    0.00      36/45          klobject_propagate [15]
                0.00    0.00      36/37          klcclosure_create [16]
                                  36             klstack_expand <cycle 2> [17]
-----------------------------------------------
                0.00    0.00       9/45          klmm_gc_clean_all [11]
                0.00    0.00      36/45          klmm_do_gc <cycle 2> [14]
[15]     0.0    0.00    0.00      45         klobject_propagate [15]
-----------------------------------------------
                0.00    0.00       1/37          klmm_gc_clean_all [11]
                0.00    0.00      36/37          klmm_do_gc <cycle 2> [14]
[16]     0.0    0.00    0.00      37         klcclosure_create [16]
-----------------------------------------------
                                  36             klmm_do_gc <cycle 2> [14]
                0.00    0.00       1/79          fibonacci <cycle 1> [4]
[17]     0.0    0.00    0.00      37         klstack_expand <cycle 2> [17]
                                   1             klmm_do_gc <cycle 2> [14]
-----------------------------------------------
                0.00    0.00      36/36          klstate_propagate [125]
[18]     0.0    0.00    0.00      36         klcommon_propagate [18]
-----------------------------------------------
                0.00    0.00      36/36          klstate_propagate [125]
[19]     0.0    0.00    0.00      36         klmapnodepool_shrink [19]
-----------------------------------------------
                0.00    0.00      15/15          klcommon_create [9]
[20]     0.0    0.00    0.00      15         klstrpool_new_string [20]
                0.00    0.00      15/79          klmm_do_gc <cycle 2> [14]
-----------------------------------------------
                0.00    0.00      15/15          klmm_gc_clean_all [11]
[21]     0.0    0.00    0.00      15         klstrpool_string_on_delete [21]
-----------------------------------------------
                0.00    0.00       1/9           klarray_class [23]
                0.00    0.00       1/9           klmap_class [25]
                0.00    0.00       7/9           klcommon_create [9]
[22]     0.0    0.00    0.00       9         klclass_create [22]
                0.00    0.00      18/79          klmm_do_gc <cycle 2> [14]
-----------------------------------------------
                0.00    0.00       1/1           klcommon_create [9]
[23]     0.0    0.00    0.00       1         klarray_class [23]
                0.00    0.00       1/9           klclass_create [22]
-----------------------------------------------
                0.00    0.00       1/1           klmap_create [26]
[24]     0.0    0.00    0.00       1         klclass_objalloc [24]
                0.00    0.00       1/79          klmm_do_gc <cycle 2> [14]
-----------------------------------------------
                0.00    0.00       1/1           klcommon_create [9]
[25]     0.0    0.00    0.00       1         klmap_class [25]
                0.00    0.00       1/9           klclass_create [22]
-----------------------------------------------
                0.00    0.00       1/1           klapi_new_state [8]
[26]     0.0    0.00    0.00       1         klmap_create [26]
                0.00    0.00       1/1           klclass_objalloc [24]
                0.00    0.00       1/79          klmm_do_gc <cycle 2> [14]
-----------------------------------------------
                0.00    0.00       1/1           klapi_new_state [8]
[27]     0.0    0.00    0.00       1         klmapnodepool_create [27]
                0.00    0.00       1/79          klmm_do_gc <cycle 2> [14]
-----------------------------------------------
                0.00    0.00       1/1           klstate_delete [31]
[28]     0.0    0.00    0.00       1         klmapnodepool_delete [28]
-----------------------------------------------
                0.00    0.00       1/1           klstate_create [30]
[29]     0.0    0.00    0.00       1         klstack_init [29]
                0.00    0.00       1/79          klmm_do_gc <cycle 2> [14]
-----------------------------------------------
                0.00    0.00       1/1           klapi_new_state [8]
[30]     0.0    0.00    0.00       1         klstate_create [30]
                0.00    0.00       2/79          klmm_do_gc <cycle 2> [14]
                0.00    0.00       1/1           klstack_init [29]
                0.00    0.00       1/1           klthrow_init [33]
-----------------------------------------------
                0.00    0.00       1/1           klmm_gc_clean_all [11]
[31]     0.0    0.00    0.00       1         klstate_delete [31]
                0.00    0.00       1/1           klmapnodepool_delete [28]
-----------------------------------------------
                0.00    0.00       1/1           klapi_new_state [8]
[32]     0.0    0.00    0.00       1         klstrpool_create [32]
                0.00    0.00       2/79          klmm_do_gc <cycle 2> [14]
-----------------------------------------------
                0.00    0.00       1/1           klstate_create [30]
[33]     0.0    0.00    0.00       1         klthrow_init [33]
                0.00    0.00       1/79          klmm_do_gc <cycle 2> [14]
-----------------------------------------------
                0.00    0.00       1/1           main [2]
[165]    0.0    0.00    0.00       1         __gcc_deregister_frame [165]
-----------------------------------------------

 This table describes the call tree of the program, and was sorted by
 the total amount of time spent in each function and its children.

 Each entry in this table consists of several lines.  The line with the
 index number at the left hand margin lists the current function.
 The lines above it list the functions that called this function,
 and the lines below it list the functions this one called.
 This line lists:
     index	A unique number given to each element of the table.
		Index numbers are sorted numerically.
		The index number is printed next to every function name so
		it is easier to look up where the function is in the table.

     % time	This is the percentage of the `total' time that was spent
		in this function and its children.  Note that due to
		different viewpoints, functions excluded by options, etc,
		these numbers will NOT add up to 100%.

     self	This is the total amount of time spent in this function.

     children	This is the total amount of time propagated into this
		function by its children.

     called	This is the number of times the function was called.
		If the function called itself recursively, the number
		only includes non-recursive calls, and is followed by
		a `+' and the number of recursive calls.

     name	The name of the current function.  The index number is
		printed after it.  If the function is a member of a
		cycle, the cycle number is printed between the
		function's name and the index number.


 For the function's parents, the fields have the following meanings:

     self	This is the amount of time that was propagated directly
		from the function into this parent.

     children	This is the amount of time that was propagated from
		the function's children into this parent.

     called	This is the number of times this parent called the
		function `/' the total number of times the function
		was called.  Recursive calls to the function are not
		included in the number after the `/'.

     name	This is the name of the parent.  The parent's index
		number is printed after it.  If the parent is a
		member of a cycle, the cycle number is printed between
		the name and the index number.

 If the parents of the function cannot be determined, the word
 `<spontaneous>' is printed in the `name' field, and all the other
 fields are blank.

 For the function's children, the fields have the following meanings:

     self	This is the amount of time that was propagated directly
		from the child into the function.

     children	This is the amount of time that was propagated from the
		child's children to the function.

     called	This is the number of times the function called
		this child `/' the total number of times the child
		was called.  Recursive calls by the child are not
		listed in the number after the `/'.

     name	This is the name of the child.  The child's index
		number is printed after it.  If the child is a
		member of a cycle, the cycle number is printed
		between the name and the index number.

 If there are any cycles (circles) in the call graph, there is an
 entry for the cycle-as-a-whole.  This entry shows who called the
 cycle (as parents) and the members of the cycle (as children.)
 The `+' recursive calls entry shows the number of function calls that
 were internal to the cycle, and the calls entry for each member shows,
 for that member, how many times it was called from other members of
 the cycle.

Copyright (C) 2012-2023 Free Software Foundation, Inc.

Copying and distribution of this file, with or without modification,
are permitted in any medium without royalty provided the copyright
notice and this notice are preserved.

Index by function name

   [5] __fentry__             [18] klcommon_propagate      [7] klref_close
 [165] __gcc_deregister_frame  [6] klexec_callprepare     [17] klstack_expand
   [1] _mcount_private        [25] klmap_class            [29] klstack_init
   [4] fibonacci              [26] klmap_create           [30] klstate_create
   [8] klapi_new_state        [27] klmapnodepool_create   [31] klstate_delete
  [13] klarray_check_capacity [28] klmapnodepool_delete   [32] klstrpool_create
  [23] klarray_class          [19] klmapnodepool_shrink   [20] klstrpool_new_string
  [16] klcclosure_create      [10] klmm_destroy           [21] klstrpool_string_on_delete
  [22] klclass_create         [14] klmm_do_gc             [33] klthrow_init
  [24] klclass_objalloc       [11] klmm_gc_clean_all       [3] <cycle 1>
   [9] klcommon_create        [15] klobject_propagate     [12] <cycle 2>
